dfsdfs
fdf
dfdf
aaaaa
dddddd
cccc
eeee
fffff
ggggg
hhhh
iiii
dddd
sgfdsgds
asdfdsaf
ddddddddd
fffff
bbbb
dddddddd
B1
ddaaaa
